Release 14.2 - xst P.28xd (nt64)
Copyright (c) 1995-2012 Xilinx, Inc.  All rights reserved.
--> Parameter TMPDIR set to xst/projnav.tmp


Total REAL time to Xst completion: 0.00 secs
Total CPU time to Xst completion: 0.10 secs
 
--> Parameter xsthdpdir set to xst


Total REAL time to Xst completion: 0.00 secs
Total CPU time to Xst completion: 0.12 secs
 
--> Reading design: Clock_Add.prj

TABLE OF CONTENTS
  1) Synthesis Options Summary
  2) HDL Parsing
  3) HDL Elaboration
  4) HDL Synthesis
       4.1) HDL Synthesis Report
  5) Advanced HDL Synthesis
       5.1) Advanced HDL Synthesis Report
  6) Low Level Synthesis
  7) Partition Report
  8) Design Summary
       8.1) Primitive and Black Box Usage
       8.2) Device utilization summary
       8.3) Partition Resource Summary
       8.4) Timing Report
            8.4.1) Clock Information
            8.4.2) Asynchronous Control Signals Information
            8.4.3) Timing Summary
            8.4.4) Timing Details
            8.4.5) Cross Clock Domains Report


=========================================================================
*                      Synthesis Options Summary                        *
=========================================================================
---- Source Parameters
Input File Name                    : "Clock_Add.prj"
Ignore Synthesis Constraint File   : NO

---- Target Parameters
Output File Name                   : "Clock_Add"
Output Format                      : NGC
Target Device                      : xc6slx16-3-csg324

---- Source Options
Top Module Name                    : Clock_Add
Automatic FSM Extraction           : YES
FSM Encoding Algorithm             : Auto
Safe Implementation                : No
FSM Style                          : LUT
RAM Extraction                     : Yes
RAM Style                          : Auto
ROM Extraction                     : Yes
Shift Register Extraction          : YES
ROM Style                          : Auto
Resource Sharing                   : YES
Asynchronous To Synchronous        : NO
Shift Register Minimum Size        : 2
Use DSP Block                      : Auto
Automatic Register Balancing       : No

---- Target Options
LUT Combining                      : Auto
Reduce Control Sets                : Auto
Add IO Buffers                     : YES
Global Maximum Fanout              : 100000
Add Generic Clock Buffer(BUFG)     : 16
Register Duplication               : YES
Optimize Instantiated Primitives   : NO
Use Clock Enable                   : Auto
Use Synchronous Set                : Auto
Use Synchronous Reset              : Auto
Pack IO Registers into IOBs        : Auto
Equivalent register Removal        : YES

---- General Options
Optimization Goal                  : Speed
Optimization Effort                : 1
Power Reduction                    : NO
Keep Hierarchy                     : No
Netlist Hierarchy                  : As_Optimized
RTL Output                         : Yes
Global Optimization                : AllClockNets
Read Cores                         : YES
Write Timing Constraints           : NO
Cross Clock Analysis               : NO
Hierarchy Separator                : /
Bus Delimiter                      : <>
Case Specifier                     : Maintain
Slice Utilization Ratio            : 100
BRAM Utilization Ratio             : 100
DSP48 Utilization Ratio            : 100
Auto BRAM Packing                  : NO
Slice Utilization Ratio Delta      : 5

=========================================================================


=========================================================================
*                          HDL Parsing                                  *
=========================================================================
Analyzing Verilog file "\\ad\eng\users\s\c\scbhatia\Desktop\KitchenTimer\Clock.v" into library work
Parsing module <Clock_Add>.

=========================================================================
*                            HDL Elaboration                            *
=========================================================================

Elaborating module <Clock_Add>.
WARNING:HDLCompiler:413 - "\\ad\eng\users\s\c\scbhatia\Desktop\KitchenTimer\Clock.v" Line 46: Result of 9-bit expression is truncated to fit in 8-bit target.
WARNING:HDLCompiler:413 - "\\ad\eng\users\s\c\scbhatia\Desktop\KitchenTimer\Clock.v" Line 69: Result of 9-bit expression is truncated to fit in 8-bit target.
WARNING:HDLCompiler:413 - "\\ad\eng\users\s\c\scbhatia\Desktop\KitchenTimer\Clock.v" Line 76: Result of 9-bit expression is truncated to fit in 8-bit target.
WARNING:HDLCompiler:413 - "\\ad\eng\users\s\c\scbhatia\Desktop\KitchenTimer\Clock.v" Line 84: Result of 9-bit expression is truncated to fit in 8-bit target.
WARNING:HDLCompiler:413 - "\\ad\eng\users\s\c\scbhatia\Desktop\KitchenTimer\Clock.v" Line 93: Result of 9-bit expression is truncated to fit in 8-bit target.

=========================================================================
*                           HDL Synthesis                               *
=========================================================================

Synthesizing Unit <Clock_Add>.
    Related source file is "\\ad\eng\users\s\c\scbhatia\Desktop\KitchenTimer\Clock.v".
        state_next = 3'b001
        state_none = 3'b000
        state_add_seconds_lower = 3'b010
        state_add_seconds_upper = 3'b011
        state_add_minutes_lower = 3'b100
        state_add_minutes_upper = 3'b101
        state_reset = 3'b110
WARNING:Xst:647 - Input <seconds_upper_in> is never used. This port will be preserved and left unconnected if it belongs to a top-level block or it belongs to a sub-block and the hierarchy of this sub-block is preserved.
WARNING:Xst:647 - Input <seconds_lower_in> is never used. This port will be preserved and left unconnected if it belongs to a top-level block or it belongs to a sub-block and the hierarchy of this sub-block is preserved.
WARNING:Xst:647 - Input <minutes_upper_in> is never used. This port will be preserved and left unconnected if it belongs to a top-level block or it belongs to a sub-block and the hierarchy of this sub-block is preserved.
WARNING:Xst:647 - Input <minutes_lower_in> is never used. This port will be preserved and left unconnected if it belongs to a top-level block or it belongs to a sub-block and the hierarchy of this sub-block is preserved.
WARNING:Xst:647 - Input <reset> is never used. This port will be preserved and left unconnected if it belongs to a top-level block or it belongs to a sub-block and the hierarchy of this sub-block is preserved.
    Found 8-bit register for signal <minutes_lower>.
    Found 8-bit register for signal <minutes_upper>.
    Found 8-bit register for signal <seconds_upper>.
    Found 8-bit register for signal <seconds_lower>.
    Found 3-bit register for signal <state>.
    Found 8-bit register for signal <counter>.
    Found finite state machine <FSM_0> for signal <state>.
    -----------------------------------------------------------------------
    | States             | 6                                              |
    | Transitions        | 11                                             |
    | Inputs             | 5                                              |
    | Outputs            | 3                                              |
    | Clock              | CLK (rising_edge)                              |
    | Power Up State     | 000                                            |
    | Encoding           | auto                                           |
    | Implementation     | LUT                                            |
    -----------------------------------------------------------------------
    Found 8-bit adder for signal <counter[7]_GND_1_o_add_1_OUT> created at line 46.
    Found 8-bit adder for signal <seconds_lower[7]_GND_1_o_add_14_OUT> created at line 69.
    Found 8-bit adder for signal <seconds_upper[7]_GND_1_o_add_15_OUT> created at line 76.
    Found 8-bit adder for signal <minutes_lower[7]_GND_1_o_add_16_OUT> created at line 84.
    Found 8-bit adder for signal <minutes_upper[7]_GND_1_o_add_17_OUT> created at line 93.
    Summary:
	inferred   5 Adder/Subtractor(s).
	inferred  40 D-type flip-flop(s).
	inferred   6 Multiplexer(s).
	inferred   1 Finite State Machine(s).
Unit <Clock_Add> synthesized.

=========================================================================
HDL Synthesis Report

Macro Statistics
# Adders/Subtractors                                   : 5
 8-bit adder                                           : 5
# Registers                                            : 5
 8-bit register                                        : 5
# Multiplexers                                         : 6
 8-bit 2-to-1 multiplexer                              : 6
# FSMs                                                 : 1

=========================================================================

=========================================================================
*                       Advanced HDL Synthesis                          *
=========================================================================


Synthesizing (advanced) Unit <Clock_Add>.
The following registers are absorbed into counter <counter>: 1 register on signal <counter>.
The following registers are absorbed into counter <minutes_upper>: 1 register on signal <minutes_upper>.
The following registers are absorbed into counter <seconds_upper>: 1 register on signal <seconds_upper>.
Unit <Clock_Add> synthesized (advanced).

=========================================================================
Advanced HDL Synthesis Report

Macro Statistics
# Adders/Subtractors                                   : 2
 8-bit adder                                           : 2
# Counters                                             : 3
 8-bit up counter                                      : 3
# Registers                                            : 16
 Flip-Flops                                            : 16
# Multiplexers                                         : 4
 8-bit 2-to-1 multiplexer                              : 4
# FSMs                                                 : 1

=========================================================================

=========================================================================
*                         Low Level Synthesis                           *
=========================================================================
Analyzing FSM <MFsm> for best encoding.
Optimizing FSM <FSM_0> on signal <state[1:3]> with user encoding.
-------------------
 State | Encoding
-------------------
 000   | 000
 010   | 010
 011   | 011
 100   | 100
 101   | 101
 110   | 110
-------------------

Optimizing unit <Clock_Add> ...

Mapping all equations...
Building and optimizing final netlist ...
Found area constraint ratio of 100 (+ 5) on block Clock_Add, actual ratio is 0.

Final Macro Processing ...

=========================================================================
Final Register Report

Macro Statistics
# Registers                                            : 43
 Flip-Flops                                            : 43

=========================================================================

=========================================================================
*                           Partition Report                            *
=========================================================================

Partition Implementation Status
-------------------------------

  No Partitions were found in this design.

-------------------------------

=========================================================================
*                            Design Summary                             *
=========================================================================

Top Level Output File Name         : Clock_Add.ngc

Primitive and Black Box Usage:
------------------------------
# BELS                             : 113
#      GND                         : 1
#      INV                         : 3
#      LUT1                        : 7
#      LUT2                        : 3
#      LUT3                        : 29
#      LUT4                        : 4
#      LUT5                        : 5
#      LUT6                        : 15
#      MUXCY                       : 21
#      VCC                         : 1
#      XORCY                       : 24
# FlipFlops/Latches                : 43
#      FD                          : 11
#      FDE                         : 32
# Clock Buffers                    : 1
#      BUFGP                       : 1
# IO Buffers                       : 32
#      OBUF                        : 32

Device utilization summary:
---------------------------

Selected Device : 6slx16csg324-3 


Slice Logic Utilization: 
 Number of Slice Registers:              43  out of  18224     0%  
 Number of Slice LUTs:                   66  out of   9112     0%  
    Number used as Logic:                66  out of   9112     0%  

Slice Logic Distribution: 
 Number of LUT Flip Flop pairs used:     66
   Number with an unused Flip Flop:      23  out of     66    34%  
   Number with an unused LUT:             0  out of     66     0%  
   Number of fully used LUT-FF pairs:    43  out of     66    65%  
   Number of unique control sets:         5

IO Utilization: 
 Number of IOs:                          66
 Number of bonded IOBs:                  33  out of    232    14%  

Specific Feature Utilization:
 Number of BUFG/BUFGCTRLs:                1  out of     16     6%  

---------------------------
Partition Resource Summary:
---------------------------

  No Partitions were found in this design.

---------------------------


=========================================================================
Timing Report

NOTE: THESE TIMING NUMBERS ARE ONLY A SYNTHESIS ESTIMATE.
      FOR ACCURATE TIMING INFORMATION PLEASE REFER TO THE TRACE REPORT
      GENERATED AFTER PLACE-and-ROUTE.

Clock Information:
------------------
-----------------------------------+------------------------+-------+
Clock Signal                       | Clock buffer(FF name)  | Load  |
-----------------------------------+------------------------+-------+
CLK                                | BUFGP                  | 43    |
-----------------------------------+------------------------+-------+

Asynchronous Control Signals Information:
----------------------------------------
No asynchronous control signals found in this design

Timing Summary:
---------------
Speed Grade: -3

   Minimum period: 3.582ns (Maximum Frequency: 279.146MHz)
   Minimum input arrival time before clock: No path found
   Maximum output required time after clock: 3.847ns
   Maximum combinational path delay: No path found

Timing Details:
---------------
All values displayed in nanoseconds (ns)

=========================================================================
Timing constraint: Default period analysis for Clock 'CLK'
  Clock period: 3.582ns (frequency: 279.146MHz)
  Total number of paths / destination ports: 498 / 75
-------------------------------------------------------------------------
Delay:               3.582ns (Levels of Logic = 3)
  Source:            seconds_lower_7 (FF)
  Destination:       state_FSM_FFd2 (FF)
  Source Clock:      CLK rising
  Destination Clock: CLK rising

  Data Path: seconds_lower_7 to state_FSM_FFd2
                                Gate     Net
    Cell:in->out      fanout   Delay   Delay  Logical Name (Net Name)
    ----------------------------------------  ------------
     FDE:C->Q              3   0.447   0.879  seconds_lower_7 (seconds_lower_7)
     LUT3:I0->O            1   0.205   0.580  seconds_lower[7]_GND_1_o_equal_7_o<7>_SW0 (N11)
     LUT6:I5->O            2   0.205   0.961  seconds_lower[7]_GND_1_o_equal_7_o<7> (seconds_lower[7]_GND_1_o_equal_7_o)
     LUT6:I1->O            1   0.203   0.000  state_FSM_FFd2-In4 (state_FSM_FFd2-In)
     FD:D                      0.102          state_FSM_FFd2
    ----------------------------------------
    Total                      3.582ns (1.162ns logic, 2.420ns route)
                                       (32.4% logic, 67.6% route)

=========================================================================
Timing constraint: Default OFFSET OUT AFTER for Clock 'CLK'
  Total number of paths / destination ports: 32 / 32
-------------------------------------------------------------------------
Offset:              3.847ns (Levels of Logic = 1)
  Source:            seconds_lower_0 (FF)
  Destination:       seconds_lower<0> (PAD)
  Source Clock:      CLK rising

  Data Path: seconds_lower_0 to seconds_lower<0>
                                Gate     Net
    Cell:in->out      fanout   Delay   Delay  Logical Name (Net Name)
    ----------------------------------------  ------------
     FDE:C->Q              9   0.447   0.829  seconds_lower_0 (seconds_lower_0)
     OBUF:I->O                 2.571          seconds_lower_0_OBUF (seconds_lower<0>)
    ----------------------------------------
    Total                      3.847ns (3.018ns logic, 0.829ns route)
                                       (78.5% logic, 21.5% route)

=========================================================================

Cross Clock Domains Report:
--------------------------

Clock to Setup on destination clock CLK
---------------+---------+---------+---------+---------+
               | Src:Rise| Src:Fall| Src:Rise| Src:Fall|
Source Clock   |Dest:Rise|Dest:Rise|Dest:Fall|Dest:Fall|
---------------+---------+---------+---------+---------+
CLK            |    3.582|         |         |         |
---------------+---------+---------+---------+---------+

=========================================================================


Total REAL time to Xst completion: 6.00 secs
Total CPU time to Xst completion: 6.28 secs
 
--> 

Total memory usage is 253804 kilobytes

Number of errors   :    0 (   0 filtered)
Number of warnings :   10 (   0 filtered)
Number of infos    :    0 (   0 filtered)

